// Jest Snapshot v1, https://goo.gl/fbAQLP

exports[`Testing Sign In Page it should be rendered 1`] = `
<RCTSafeAreaView
  emulateUnlessSupported={true}
  style={
    Array [
      Object {
        "flexBasis": 0,
        "flexGrow": 1,
        "flexShrink": 1,
      },
    ]
  }
>
  <View
    style={
      Array [
        Object {
          "alignItems": "center",
          "backgroundColor": "#E5E5E5",
          "display": "flex",
          "flexBasis": 0,
          "flexGrow": 1,
          "flexShrink": 1,
          "justifyContent": "center",
          "paddingLeft": "15%",
          "paddingRight": "15%",
        },
      ]
    }
  >
    <View
      style={
        Array [
          Object {
            "marginBottom": 24,
            "width": "100%",
          },
        ]
      }
    >
      <Text
        style={
          Array [
            Object {
              "fontFamily": "Poppins_400Regular",
              "fontSize": 18,
              "fontWeight": "600",
              "lineHeight": 28,
              "textAlign": "center",
            },
          ]
        }
      >
        Log in to your account
      </Text>
    </View>
    <View
      style={
        Array [
          Object {
            "marginBottom": 24,
            "width": "100%",
          },
        ]
      }
    >
      <View
        style={
          Array [
            Object {
              "display": "flex",
              "flexDirection": "column",
              "marginBottom": 5,
              "width": "100%",
            },
          ]
        }
      >
        <TextInput
          error=""
          onChangeText={[Function]}
          placeholder="Username"
          style={
            Array [
              Object {
                "backgroundColor": "#F1F1F5",
                "borderColor": "#FCFCFC",
                "borderStyle": "solid",
                "borderWidth": 1,
                "color": "black",
                "fontFamily": "Poppins_400Regular",
                "fontSize": 14,
                "fontWeight": "400",
                "lineHeight": 16,
                "paddingBottom": 12,
                "paddingLeft": 12,
                "paddingRight": 12,
                "paddingTop": 12,
              },
            ]
          }
          testId="username_input"
          value=""
        />
      </View>
    </View>
    <View
      style={
        Array [
          Object {
            "marginBottom": 24,
            "width": "100%",
          },
        ]
      }
    >
      <View
        style={
          Array [
            Object {
              "display": "flex",
              "flexDirection": "column",
              "marginBottom": 5,
              "width": "100%",
            },
          ]
        }
      >
        <TextInput
          error=""
          onChangeText={[Function]}
          placeholder="First Name"
          style={
            Array [
              Object {
                "backgroundColor": "#F1F1F5",
                "borderColor": "#FCFCFC",
                "borderStyle": "solid",
                "borderWidth": 1,
                "color": "black",
                "fontFamily": "Poppins_400Regular",
                "fontSize": 14,
                "fontWeight": "400",
                "lineHeight": 16,
                "paddingBottom": 12,
                "paddingLeft": 12,
                "paddingRight": 12,
                "paddingTop": 12,
              },
            ]
          }
          testId="firstName_input"
          value=""
        />
      </View>
    </View>
    <View
      style={
        Array [
          Object {
            "marginBottom": 24,
            "width": "100%",
          },
        ]
      }
    >
      <View
        style={
          Array [
            Object {
              "display": "flex",
              "flexDirection": "column",
              "marginBottom": 5,
              "width": "100%",
            },
          ]
        }
      >
        <TextInput
          onChangeText={[Function]}
          placeholder="Last Name"
          style={
            Array [
              Object {
                "backgroundColor": "#F1F1F5",
                "borderColor": "#FCFCFC",
                "borderStyle": "solid",
                "borderWidth": 1,
                "color": "black",
                "fontFamily": "Poppins_400Regular",
                "fontSize": 14,
                "fontWeight": "400",
                "lineHeight": 16,
                "paddingBottom": 12,
                "paddingLeft": 12,
                "paddingRight": 12,
                "paddingTop": 12,
              },
            ]
          }
          testId="lastName_input"
          value=""
        />
      </View>
    </View>
    <View
      style={
        Array [
          Object {
            "marginBottom": 24,
            "width": "100%",
          },
        ]
      }
      testId="sign_in"
    >
      <View
        accessible={true}
        collapsable={false}
        focusable={true}
        onClick={[Function]}
        onResponderGrant={[Function]}
        onResponderMove={[Function]}
        onResponderRelease={[Function]}
        onResponderTerminate={[Function]}
        onResponderTerminationRequest={[Function]}
        onStartShouldSetResponder={[Function]}
        style={
          Object {
            "backgroundColor": "#0062FF",
            "opacity": 1,
            "paddingBottom": 12,
            "paddingLeft": 12,
            "paddingRight": 12,
            "paddingTop": 12,
          }
        }
      >
        <Text
          style={
            Array [
              Object {
                "color": "#FCFCFC",
                "fontFamily": "Poppins_400Regular",
                "fontSize": 14,
                "fontWeight": "600",
                "lineHeight": 20,
                "textAlign": "center",
                "textTransform": "uppercase",
              },
            ]
          }
        >
          Sign In
        </Text>
      </View>
    </View>
  </View>
</RCTSafeAreaView>
`;
